2026-02-22 00:24:01 +00:00: ⚠ "next start" does not work with "output: standalone" configuration. Use "node .next/standalone/server.js" instead.
2026-02-25 13:48:51 +00:00: ⨯ The requested resource isn't a valid image for /assets/Icon_MediBuddy_v2_20260225.png received null
2026-02-25 13:49:10 +00:00: ⨯ The requested resource isn't a valid image for /assets/Icon_MediBuddy_v2_20260225.png received null
2026-02-26 11:29:43 +00:00: ⨯ The requested resource isn't a valid image for /assets/Icon_MediBuddy.png received null
2026-03-01 13:46:12 +00:00: Error [InvariantError]: Invariant: The client reference manifest for route "/requests" does not exist. This is a bug in Next.js.
2026-03-01 13:46:12 +00:00:     at Object.get (.next/server/chunks/ssr/_472c1382._.js:1:12854)
2026-03-01 13:46:12 +00:00: ⨯ Error [InvariantError]: Invariant: The client reference manifest for route "/requests" does not exist. This is a bug in Next.js.
2026-03-01 13:46:12 +00:00:     at Object.get (.next/server/chunks/ssr/_472c1382._.js:1:12854)
2026-03-01 13:46:12 +00:00: ⨯ Error [InvariantError]: Invariant: The client reference manifest for route "/requests" does not exist. This is a bug in Next.js.
2026-03-01 13:46:12 +00:00:     at Object.get (.next/server/chunks/ssr/_472c1382._.js:1:12854)
2026-03-01 13:46:12 +00:00: ⨯ Error: Failed to load static file for page: /500 ENOENT: no such file or directory, open '/home/deploy/final-project-frontend/.next/server/pages/500.html'
2026-03-01 13:46:12 +00:00:     at ignore-listed frames
2026-03-02 03:52:37 +00:00: Error: Failed to find Server Action "x". This request might be from an older or newer deployment.
2026-03-02 03:52:37 +00:00: Read more: https://nextjs.org/docs/messages/failed-to-find-server-action
2026-03-02 03:52:37 +00:00:     at ignore-listed frames
2026-03-02 03:52:37 +00:00: Error: Failed to find Server Action "x". This request might be from an older or newer deployment.
2026-03-02 03:52:37 +00:00: Read more: https://nextjs.org/docs/messages/failed-to-find-server-action
2026-03-02 03:52:37 +00:00:     at ignore-listed frames
2026-03-04 21:46:31 +00:00: Error: Failed to find Server Action "x". This request might be from an older or newer deployment.
2026-03-04 21:46:31 +00:00: Read more: https://nextjs.org/docs/messages/failed-to-find-server-action
2026-03-04 21:46:31 +00:00:     at ignore-listed frames
2026-03-04 21:46:32 +00:00: Error: Failed to find Server Action "x". This request might be from an older or newer deployment.
2026-03-04 21:46:32 +00:00: Read more: https://nextjs.org/docs/messages/failed-to-find-server-action
2026-03-04 21:46:32 +00:00:     at ignore-listed frames
2026-03-05 07:33:33 +00:00: ⨯ The requested resource isn't a valid image for /assets/Icon_MediBuddy.png received null
