2026-02-22 00:23:59 +00:00: 
2026-02-22 00:23:59 +00:00: > final-project-frontend@0.1.0 start
2026-02-22 00:23:59 +00:00: > next start -p 3002
2026-02-22 00:23:59 +00:00: 
2026-02-22 00:24:00 +00:00: ▲ Next.js 16.1.1
2026-02-22 00:24:00 +00:00: - Local:         http://localhost:3002
2026-02-22 00:24:00 +00:00: - Network:       http://82.26.104.98:3002
2026-02-22 00:24:00 +00:00: 
2026-02-22 00:24:00 +00:00: ✓ Starting...
2026-02-22 00:24:01 +00:00: ✓ Ready in 1081ms
2026-02-22 00:30:37 +00:00: 
2026-02-22 00:30:37 +00:00: > final-project-frontend@0.1.0 start
2026-02-22 00:30:37 +00:00: > next start -p 3001
2026-02-22 00:30:37 +00:00: 
2026-02-22 00:30:37 +00:00: ▲ Next.js 16.1.1
2026-02-22 00:30:37 +00:00: - Local:         http://localhost:3001
2026-02-22 00:30:37 +00:00: - Network:       http://82.26.104.98:3001
2026-02-22 00:30:37 +00:00: 
2026-02-22 00:30:37 +00:00: ✓ Starting...
2026-02-22 00:30:37 +00:00: ✓ Ready in 754ms
2026-02-24 06:31:16 +00:00: 
2026-02-24 06:31:16 +00:00: > final-project-frontend@0.1.0 start
2026-02-24 06:31:16 +00:00: > next start -p 3001
2026-02-24 06:31:16 +00:00: 
2026-02-24 06:31:17 +00:00: ▲ Next.js 16.1.1
2026-02-24 06:31:17 +00:00: - Local:         http://localhost:3001
2026-02-24 06:31:17 +00:00: - Network:       http://82.26.104.98:3001
2026-02-24 06:31:17 +00:00: 
2026-02-24 06:31:17 +00:00: ✓ Starting...
2026-02-24 06:31:17 +00:00: ✓ Ready in 721ms
2026-02-24 08:58:37 +00:00: 
2026-02-24 08:58:37 +00:00: > final-project-frontend@0.1.0 start
2026-02-24 08:58:37 +00:00: > next start -p 3001
2026-02-24 08:58:37 +00:00: 
2026-02-24 08:58:37 +00:00: ▲ Next.js 16.1.1
2026-02-24 08:58:37 +00:00: - Local:         http://localhost:3001
2026-02-24 08:58:37 +00:00: - Network:       http://82.26.104.98:3001
2026-02-24 08:58:37 +00:00: 
2026-02-24 08:58:37 +00:00: ✓ Starting...
2026-02-24 08:58:38 +00:00: ✓ Ready in 773ms
2026-02-24 09:02:41 +00:00: 
2026-02-24 09:02:41 +00:00: > final-project-frontend@0.1.0 start
2026-02-24 09:02:41 +00:00: > next start -p 3001
2026-02-24 09:02:41 +00:00: 
2026-02-24 09:02:41 +00:00: ▲ Next.js 16.1.1
2026-02-24 09:02:41 +00:00: - Local:         http://localhost:3001
2026-02-24 09:02:41 +00:00: - Network:       http://82.26.104.98:3001
2026-02-24 09:02:41 +00:00: 
2026-02-24 09:02:41 +00:00: ✓ Starting...
2026-02-24 09:02:42 +00:00: ✓ Ready in 705ms
2026-02-24 09:11:37 +00:00: 
2026-02-24 09:11:37 +00:00: > final-project-frontend@0.1.0 start
2026-02-24 09:11:37 +00:00: > next start -p 3001
2026-02-24 09:11:37 +00:00: 
2026-02-24 09:11:37 +00:00: ▲ Next.js 16.1.1
2026-02-24 09:11:37 +00:00: - Local:         http://localhost:3001
2026-02-24 09:11:37 +00:00: - Network:       http://82.26.104.98:3001
2026-02-24 09:11:37 +00:00: 
2026-02-24 09:11:37 +00:00: ✓ Starting...
2026-02-24 09:11:38 +00:00: ✓ Ready in 747ms
2026-02-24 09:16:15 +00:00: 
2026-02-24 09:16:15 +00:00: > final-project-frontend@0.1.0 start
2026-02-24 09:16:15 +00:00: > next start -p 3001
2026-02-24 09:16:15 +00:00: 
2026-02-24 09:16:15 +00:00: ▲ Next.js 16.1.1
2026-02-24 09:16:15 +00:00: - Local:         http://localhost:3001
2026-02-24 09:16:15 +00:00: - Network:       http://82.26.104.98:3001
2026-02-24 09:16:15 +00:00: 
2026-02-24 09:16:15 +00:00: ✓ Starting...
2026-02-24 09:16:16 +00:00: ✓ Ready in 755ms
2026-02-24 09:53:27 +00:00: 
2026-02-24 09:53:27 +00:00: > final-project-frontend@0.1.0 start
2026-02-24 09:53:27 +00:00: > next start -p 3001
2026-02-24 09:53:27 +00:00: 
2026-02-24 09:53:28 +00:00: ▲ Next.js 16.1.1
2026-02-24 09:53:28 +00:00: - Local:         http://localhost:3001
2026-02-24 09:53:28 +00:00: - Network:       http://82.26.104.98:3001
2026-02-24 09:53:28 +00:00: 
2026-02-24 09:53:28 +00:00: ✓ Starting...
2026-02-24 09:53:28 +00:00: ✓ Ready in 837ms
2026-02-24 10:13:17 +00:00: 
2026-02-24 10:13:17 +00:00: > final-project-frontend@0.1.0 start
2026-02-24 10:13:17 +00:00: > next start -p 3001
2026-02-24 10:13:17 +00:00: 
2026-02-24 10:13:18 +00:00: ▲ Next.js 16.1.1
2026-02-24 10:13:18 +00:00: - Local:         http://localhost:3001
2026-02-24 10:13:18 +00:00: - Network:       http://82.26.104.98:3001
2026-02-24 10:13:18 +00:00: 
2026-02-24 10:13:18 +00:00: ✓ Starting...
2026-02-24 10:13:18 +00:00: ✓ Ready in 789ms
2026-02-24 10:16:30 +00:00: 
2026-02-24 10:16:30 +00:00: > final-project-frontend@0.1.0 start
2026-02-24 10:16:30 +00:00: > next start -p 3001
2026-02-24 10:16:30 +00:00: 
2026-02-24 10:16:30 +00:00: ▲ Next.js 16.1.1
2026-02-24 10:16:30 +00:00: - Local:         http://localhost:3001
2026-02-24 10:16:30 +00:00: - Network:       http://82.26.104.98:3001
2026-02-24 10:16:30 +00:00: 
2026-02-24 10:16:30 +00:00: ✓ Starting...
2026-02-24 10:16:31 +00:00: ✓ Ready in 772ms
2026-02-24 10:19:33 +00:00: 
2026-02-24 10:19:33 +00:00: > final-project-frontend@0.1.0 start
2026-02-24 10:19:33 +00:00: > next start -p 3001
2026-02-24 10:19:33 +00:00: 
2026-02-24 10:19:34 +00:00: ▲ Next.js 16.1.1
2026-02-24 10:19:34 +00:00: - Local:         http://localhost:3001
2026-02-24 10:19:34 +00:00: - Network:       http://82.26.104.98:3001
2026-02-24 10:19:34 +00:00: 
2026-02-24 10:19:34 +00:00: ✓ Starting...
2026-02-24 10:19:34 +00:00: ✓ Ready in 724ms
2026-02-24 10:34:40 +00:00: 
2026-02-24 10:34:40 +00:00: > final-project-frontend@0.1.0 start
2026-02-24 10:34:40 +00:00: > next start -p 3001
2026-02-24 10:34:40 +00:00: 
2026-02-24 10:34:41 +00:00: ▲ Next.js 16.1.1
2026-02-24 10:34:41 +00:00: - Local:         http://localhost:3001
2026-02-24 10:34:41 +00:00: - Network:       http://82.26.104.98:3001
2026-02-24 10:34:41 +00:00: 
2026-02-24 10:34:41 +00:00: ✓ Starting...
2026-02-24 10:34:41 +00:00: ✓ Ready in 807ms
2026-02-25 07:07:55 +00:00: 
2026-02-25 07:07:55 +00:00: > final-project-frontend@0.1.0 start
2026-02-25 07:07:55 +00:00: > next start -p 3001
2026-02-25 07:07:55 +00:00: 
2026-02-25 07:07:57 +00:00: ▲ Next.js 16.1.1
2026-02-25 07:07:57 +00:00: - Local:         http://localhost:3001
2026-02-25 07:07:57 +00:00: - Network:       http://82.26.104.98:3001
2026-02-25 07:07:57 +00:00: 
2026-02-25 07:07:57 +00:00: ✓ Starting...
2026-02-25 07:07:59 +00:00: ✓ Ready in 2.7s
2026-02-25 08:02:42 +00:00: 
2026-02-25 08:02:42 +00:00: > final-project-frontend@0.1.0 start
2026-02-25 08:02:42 +00:00: > next start -p 3001
2026-02-25 08:02:42 +00:00: 
2026-02-25 08:02:44 +00:00: ▲ Next.js 16.1.1
2026-02-25 08:02:44 +00:00: - Local:         http://localhost:3001
2026-02-25 08:02:44 +00:00: - Network:       http://82.26.104.98:3001
2026-02-25 08:02:44 +00:00: 
2026-02-25 08:02:44 +00:00: ✓ Starting...
2026-02-25 08:02:45 +00:00: ✓ Ready in 2.3s
2026-02-25 09:28:37 +00:00: 
2026-02-25 09:28:37 +00:00: > final-project-frontend@0.1.0 start
2026-02-25 09:28:37 +00:00: > next start -p 3001
2026-02-25 09:28:37 +00:00: 
2026-02-25 09:28:38 +00:00: ▲ Next.js 16.1.1
2026-02-25 09:28:38 +00:00: - Local:         http://localhost:3001
2026-02-25 09:28:38 +00:00: - Network:       http://82.26.104.98:3001
2026-02-25 09:28:38 +00:00: 
2026-02-25 09:28:38 +00:00: ✓ Starting...
2026-02-25 09:28:40 +00:00: ✓ Ready in 3.1s
2026-02-25 10:16:49 +00:00: 
2026-02-25 10:16:49 +00:00: > final-project-frontend@0.1.0 start
2026-02-25 10:16:49 +00:00: > next start -p 3001
2026-02-25 10:16:49 +00:00: 
2026-02-25 10:16:50 +00:00: ▲ Next.js 16.1.1
2026-02-25 10:16:50 +00:00: - Local:         http://localhost:3001
2026-02-25 10:16:50 +00:00: - Network:       http://82.26.104.98:3001
2026-02-25 10:16:50 +00:00: 
2026-02-25 10:16:50 +00:00: ✓ Starting...
2026-02-25 10:16:50 +00:00: ✓ Ready in 838ms
